[INFO] Scanning for projects...
[INFO] 
[INFO] ----------------< com.latamholidays:latam-holidays-api >----------------
[INFO] Building  0.0.1-SNAPSHOT
[INFO]   from pom.xml
[INFO] --------------------------------[ jar ]---------------------------------
[INFO] 
[INFO] --- clean:3.5.0:clean (default-clean) @ latam-holidays-api ---
[INFO] Deleting C:\Users\agust\Github\latam-holidays-api\target
[INFO] 
[INFO] >>> spring-boot:4.0.5:run (default-cli) > test-compile @ latam-holidays-api >>>
[INFO] 
[INFO] --- resources:3.3.1:resources (default-resources) @ latam-holidays-api ---
[INFO] Copying 2 resources from src\main\resources to target\classes
[INFO] Copying 9 resources from src\main\resources to target\classes
[INFO] 
[INFO] --- compiler:3.14.1:compile (default-compile) @ latam-holidays-api ---
[INFO] Recompiling the module because of changed source code.
[INFO] Compiling 20 source files with javac [debug parameters release 21] to target\classes
./mvnw : WARNING: A terminally deprecated method in sun.misc.Unsafe has 
been called
En línea: 1 Carácter: 1
+ ./mvnw clean spring-boot:run "-Dspring-boot.run.profiles=local" 2>&1  ...
+ ~~~~~~~~~~~~~~~~~~~~~~~~~~~~~~~~~~~~~~~~~~~~~~~~~~~~~~~~~~~~~~~~~~~~
    + CategoryInfo          : NotSpecified: (WARNING: A term...has been ca 
   lled:String) [], RemoteException
    + FullyQualifiedErrorId : NativeCommandError
 
WARNING: sun.misc.Unsafe::objectFieldOffset has been called by 
lombok.permit.Permit
WARNING: Please consider reporting this to the maintainers of class 
lombok.permit.Permit
WARNING: sun.misc.Unsafe::objectFieldOffset will be removed in a future 
release
[INFO] 
[INFO] --- resources:3.3.1:testResources (default-testResources) @ latam-holidays-api ---
[INFO] skip non existing resourceDirectory C:\Users\agust\Github\latam-holidays-api\src\test\resources
[INFO] 
[INFO] --- compiler:3.14.1:testCompile (default-testCompile) @ latam-holidays-api ---
[INFO] Recompiling the module because of changed dependency.
[INFO] Compiling 1 source file with javac [debug parameters release 21] to target\test-classes
[INFO] 
[INFO] <<< spring-boot:4.0.5:run (default-cli) < test-compile @ latam-holidays-api <<<
[INFO] 
[INFO] 
[INFO] --- spring-boot:4.0.5:run (default-cli) @ latam-holidays-api ---
[INFO] Attaching agents: []

  .   ____          _            __ _ _
 /\\ / ___'_ __ _ _(_)_ __  __ _ \ \ \ \
( ( )\___ | '_ | '_| | '_ \/ _` | \ \ \ \
 \\/  ___)| |_)| | | | | || (_| |  ) ) ) )
  '  |____| .__|_| |_|_| |_\__, | / / / /
 =========|_|==============|___/=/_/_/_/

 :: Spring Boot ::                (v4.0.5)

2026-04-01T22:56:15.530-03:00  INFO 3804 --- [latam-holidays-api] [           main] c.l.LatamHolidaysApiApplication          : Starting LatamHolidaysApiApplication using Java 26 with PID 3804 (C:\Users\agust\Github\latam-holidays-api\target\classes started by agust in C:\Users\agust\Github\latam-holidays-api)
2026-04-01T22:56:15.531-03:00  INFO 3804 --- [latam-holidays-api] [           main] c.l.LatamHolidaysApiApplication          : The following 1 profile is active: "local"
2026-04-01T22:56:16.104-03:00  INFO 3804 --- [latam-holidays-api] [           main] .s.d.r.c.RepositoryConfigurationDelegate : Bootstrapping Spring Data JPA repositories in DEFAULT mode.
2026-04-01T22:56:16.140-03:00  INFO 3804 --- [latam-holidays-api] [           main] .s.d.r.c.RepositoryConfigurationDelegate : Finished Spring Data repository scanning in 29 ms. Found 2 JPA repository interfaces.
2026-04-01T22:56:16.464-03:00  INFO 3804 --- [latam-holidays-api] [           main] o.s.boot.tomcat.TomcatWebServer          : Tomcat initialized with port 8080 (http)
2026-04-01T22:56:16.472-03:00  INFO 3804 --- [latam-holidays-api] [           main] o.apache.catalina.core.StandardService   : Starting service [Tomcat]
2026-04-01T22:56:16.472-03:00  INFO 3804 --- [latam-holidays-api] [           main] o.apache.catalina.core.StandardEngine    : Starting Servlet engine: [Apache Tomcat/11.0.20]
2026-04-01T22:56:16.514-03:00  INFO 3804 --- [latam-holidays-api] [           main] b.w.c.s.WebApplicationContextInitializer : Root WebApplicationContext: initialization completed in 950 ms
2026-04-01T22:56:16.726-03:00  INFO 3804 --- [latam-holidays-api] [           main] com.zaxxer.hikari.HikariDataSource       : HikariPool-1 - Starting...
2026-04-01T22:56:18.769-03:00  INFO 3804 --- [latam-holidays-api] [           main] com.zaxxer.hikari.pool.HikariPool        : HikariPool-1 - Added connection org.postgresql.jdbc.PgConnection@6906be0f
2026-04-01T22:56:18.770-03:00  INFO 3804 --- [latam-holidays-api] [           main] com.zaxxer.hikari.HikariDataSource       : HikariPool-1 - Start completed.
2026-04-01T22:56:19.005-03:00  INFO 3804 --- [latam-holidays-api] [           main] org.flywaydb.core.FlywayExecutor         : Database: jdbc:postgresql://agustindev.site:5432/holidays (PostgreSQL 12.22)
2026-04-01T22:56:22.366-03:00  INFO 3804 --- [latam-holidays-api] [           main] o.f.core.internal.command.DbValidate     : Successfully validated 9 migrations (execution time 00:00.955s)
2026-04-01T22:56:25.727-03:00  INFO 3804 --- [latam-holidays-api] [           main] o.f.core.internal.command.DbMigrate      : Current version of schema "public": 9
2026-04-01T22:56:25.968-03:00  INFO 3804 --- [latam-holidays-api] [           main] o.f.core.internal.command.DbMigrate      : Schema "public" is up to date. No migration necessary.
2026-04-01T22:56:27.460-03:00  INFO 3804 --- [latam-holidays-api] [           main] org.hibernate.orm.jpa                    : HHH008540: Processing PersistenceUnitInfo [name: default]
2026-04-01T22:56:27.496-03:00  INFO 3804 --- [latam-holidays-api] [           main] org.hibernate.orm.core                   : HHH000001: Hibernate ORM core version 7.2.7.Final
2026-04-01T22:56:27.809-03:00  INFO 3804 --- [latam-holidays-api] [           main] o.s.o.j.p.SpringPersistenceUnitInfo      : No LoadTimeWeaver setup: ignoring JPA class transformer
2026-04-01T22:56:28.094-03:00  WARN 3804 --- [latam-holidays-api] [           main] org.hibernate.orm.core                   : HHH000511: The 12.22.0 version for [org.hibernate.dialect.PostgreSQLDialect] is no longer supported, hence certain features may not work properly.The minimum supported version is 13.0.0. Check the community dialects project for available legacy versions.
2026-04-01T22:56:28.096-03:00  WARN 3804 --- [latam-holidays-api] [           main] org.hibernate.orm.deprecation            : HHH90000025: PostgreSQLDialect does not need to be specified explicitly using 'hibernate.dialect' (remove the property setting and it will be selected by default)
2026-04-01T22:56:28.852-03:00  INFO 3804 --- [latam-holidays-api] [           main] org.hibernate.orm.connections.pooling    : HHH10001005: Database info:
	Database JDBC URL [jdbc:postgresql://agustindev.site:5432/holidays]
	Database driver: PostgreSQL JDBC Driver
	Database dialect: PostgreSQLDialect
	Database version: 12.22
	Default catalog/schema: holidays/public
	Autocommit mode: undefined/unknown
	Isolation level: READ_COMMITTED [default READ_COMMITTED]
	JDBC fetch size: none
	Pool: DataSourceConnectionProvider
	Minimum pool size: undefined/unknown
	Maximum pool size: undefined/unknown
2026-04-01T22:56:29.444-03:00  INFO 3804 --- [latam-holidays-api] [           main] org.hibernate.orm.core                   : HHH000489: No JTA platform available (set 'hibernate.transaction.jta.platform' to enable JTA platform integration)
2026-04-01T22:56:30.453-03:00  INFO 3804 --- [latam-holidays-api] [           main] j.LocalContainerEntityManagerFactoryBean : Initialized JPA EntityManagerFactory for persistence unit 'default'
2026-04-01T22:56:30.494-03:00  INFO 3804 --- [latam-holidays-api] [           main] o.s.d.j.r.query.QueryEnhancerFactories   : Hibernate is in classpath; If applicable, HQL parser will be used.
2026-04-01T22:56:31.062-03:00  WARN 3804 --- [latam-holidays-api] [           main] JpaBaseConfiguration$JpaWebConfiguration : spring.jpa.open-in-view is enabled by default. Therefore, database queries may be performed during view rendering. Explicitly configure spring.jpa.open-in-view to disable this warning
2026-04-01T22:56:31.392-03:00  INFO 3804 --- [latam-holidays-api] [           main] o.s.b.a.e.web.EndpointLinksResolver      : Exposing 1 endpoint beneath base path '/actuator'
2026-04-01T22:56:31.439-03:00  INFO 3804 --- [latam-holidays-api] [           main] o.s.boot.tomcat.TomcatWebServer          : Tomcat started on port 8080 (http) with context path '/'
2026-04-01T22:56:31.445-03:00  INFO 3804 --- [latam-holidays-api] [           main] c.l.LatamHolidaysApiApplication          : Started LatamHolidaysApiApplication in 16.168 seconds (process running for 16.443)
2026-04-01T22:56:31.489-03:00  WARN 3804 --- [latam-holidays-api] [           main] o.s.core.events.SpringDocAppInitializer  : SpringDoc /v3/api-docs endpoint is enabled by default. To disable it in production, set the property 'springdoc.api-docs.enabled=false'
2026-04-01T22:56:31.489-03:00  WARN 3804 --- [latam-holidays-api] [           main] o.s.core.events.SpringDocAppInitializer  : SpringDoc /swagger-ui.html endpoint is enabled by default. To disable it in production, set the property 'springdoc.swagger-ui.enabled=false'
2026-04-01T22:58:42.321-03:00  INFO 3804 --- [latam-holidays-api] [nio-8080-exec-1] o.a.c.c.C.[Tomcat].[localhost].[/]       : Initializing Spring DispatcherServlet 'dispatcherServlet'
2026-04-01T22:58:42.321-03:00  INFO 3804 --- [latam-holidays-api] [nio-8080-exec-1] o.s.web.servlet.DispatcherServlet        : Initializing Servlet 'dispatcherServlet'
2026-04-01T22:58:42.322-03:00  INFO 3804 --- [latam-holidays-api] [nio-8080-exec-1] o.s.web.servlet.DispatcherServlet        : Completed initialization in 1 ms
2026-04-01T22:58:42.643-03:00  INFO 3804 --- [latam-holidays-api] [nio-8080-exec-9] o.springdoc.api.AbstractOpenApiResource  : Init duration for springdoc-openapi is: 135 ms
