[INFO] Scanning for projects...
[INFO] 
[INFO] ----------------< com.latamholidays:latam-holidays-api >----------------
[INFO] Building  0.0.1-SNAPSHOT
[INFO]   from pom.xml
[INFO] --------------------------------[ jar ]---------------------------------
[INFO] 
[INFO] --- resources:3.3.1:resources (default-resources) @ latam-holidays-api ---
[INFO] Copying 1 resource from src\main\resources to target\classes
[INFO] Copying 2 resources from src\main\resources to target\classes
[INFO] 
[INFO] --- compiler:3.14.1:compile (default-compile) @ latam-holidays-api ---
[INFO] Recompiling the module because of changed source code.
[INFO] Compiling 13 source files with javac [debug parameters release 26] to target\classes
.\mvnw.cmd : WARNING: A 
terminally deprecated 
method in sun.misc.Unsafe 
has been called
En línea: 1 Carácter: 1
+ .\mvnw.cmd compile 2>&1 
| Out-File -FilePath 
.\compile_output.txt -En 
...
+ ~~~~~~~~~~~~~~~~~~~~~~~
    + CategoryInfo         
     : NotSpecified: (WAR  
  NING: A term...has bee   
 n called:String) [], R    
emoteException
    + FullyQualifiedErrorI 
   d : NativeCommandError
 
WARNING: sun.misc.Unsafe::o
bjectFieldOffset has been 
called by 
lombok.permit.Permit
WARNING: Please consider 
reporting this to the 
maintainers of class 
lombok.permit.Permit
WARNING: sun.misc.Unsafe::o
bjectFieldOffset will be 
removed in a future release
[INFO] ------------------------------------------------------------------------
[INFO] BUILD SUCCESS
[INFO] ------------------------------------------------------------------------
[INFO] Total time:  2.024 s
[INFO] Finished at: 2026-04-01T20:43:44-03:00
[INFO] ------------------------------------------------------------------------
